Microchip MPLAB XC8 Compiler V2.40

Linker command line:

-W-3 \
  --edf=C:\Program Files\Microchip\xc8\v2.40\pic\dat\20220703182018_en.msgs \
  -cn -h+dist/default/production\versao_6.production.sym \
  --cmf=dist/default/production\versao_6.production.cmf -z -Q18F2550 \
  -oC:\Users\LATE\AppData\Local\Temp\xcAs264.4 --defsym=__MPLAB_BUILD=1 \
  --fixupoverflow=error -Mdist/default/production/versao_6.production.map \
  --md=C:\Users\LATE\AppData\Local\Temp\xcAs264.dat -E1 -ver=XC8 Compiler \
  --acfsm=1493 -ACODE=00h-07FFFh -ACONST=00h-07FFFh \
  -ASMALLCONST=0800h-08FFhx120 -AMEDIUMCONST=0800h-07FFFh -ACOMRAM=01h-05Fh \
  -AABS1=00h-07FFh -ABIGRAM=01h-07FFh -ARAM=060h-0FFh,0100h-01FFhx7 \
  -ABANK0=060h-0FFh -ABANK1=0100h-01FFh -ABANK2=0200h-02FFh \
  -ABANK3=0300h-03FFh -ABANK4=0400h-04FFh -ABANK5=0500h-05FFh \
  -ABANK6=0600h-06FFh -ABANK7=0700h-07FFh -ASFR=0F60h-0FFFh \
  -ABIGSFR=0F60h-0FFFh -ACONFIG=0300000h-030000Dh -AIDLOC=0200000h-0200007h \
  -AEEDATA=0F00000h-0F000FFh -peeprom_data=EEDATA \
  -preset_vec=00h,intcode=08h,intcodelo,powerup,init -pramtop=0800h \
  -psmallconst=SMALLCONST -pmediumconst=MEDIUMCONST -pconst=CONST \
  -AFARRAM=00h-00h \
  -prdata=COMRAM,nvrram=COMRAM,nvbit=COMRAM,rbss=COMRAM,rbit=COMRAM \
  -pfarbss=FARRAM,fardata=FARRAM,nvFARRAM=FARRAM \
  -pintsave_regs=BIGRAM,bigbss=BIGRAM,bigdata=BIGRAM -pbss=RAM \
  -pidata=CODE,irdata=CODE,ibigdata=CODE,ifardata=CODE -prparam=COMRAM \
  C:\Users\LATE\AppData\Local\Temp\xcAs264.o \
  dist/default/production\versao_6.production.o 

Object code version is 3.11

Machine type is 18F2550



                Name                               Link     Load   Length Selector   Space Scale
C:\Users\LATE\AppData\Local\Temp\xcAs264.o
                idloc                            200000   200000        8        0       5
                config                           300000   300000        E        0       4
                init                                  E        E        4        4       0
                reset_vec                             0        0        4        0       0
dist/default/production\versao_6.production.o
                intcode                               8        8        6        4       0
                idloc                            200000   200000        8        0       5
                config                           300000   300000        E        0       4
                temp                                 52       52        1        1       1
                smallconst                          800      800       C0      400       0
                text54                             6D30     6D30       30      460       0
                intcode_body                       6758     6758       8C      460       0
                text52                             655A     655A       C4      460       0
                text51                             3BB0     3BB0      4C0      460       0
                text50                             4500     4500      42A      460       0
                text49                             59B2     59B2      1FE      460       0
                text48                             6CC2     6CC2       3A      460       0
                text47                             6B76     6B76       48      460       0
                text46                             608A     608A      108      460       0
                text45                             5D8C     5D8C      1B4      460       0
                text44                             6CFC     6CFC       34      460       0
                text43                             4070     4070      490      460       0
                text42                             5362     5362      232      460       0
                text41                             3152     3152      59E      460       0
                text40                             492A     492A      39C      460       0
                text39                             1D2C     1D2C      74A      460       0
                text38                             2B94     2B94      5BE      460       0
                text37                             2476     2476      71E      460       0
                text36                             6C88     6C88       3A      460       0
                text35                             6D8E     6D8E       2E      460       0
                text34                             6A7C     6A7C       58      460       0
                text33                             6E4E     6E4E       18      460       0
                text32                             6E66     6E66       14      460       0
                text31                             6E30     6E30       1E      460       0
                text30                             57AA     57AA      208      460       0
                text29                             6E7A     6E7A       10      460       0
                text28                             66C8     66C8       90      460       0
                text27                             5BB0     5BB0      1DC      460       0
                text26                             6192     6192      104      460       0
                text25                             6E0E     6E0E       22      460       0
                text24                             36F0     36F0      4C0      460       0
                text23                             694A     694A       72      460       0
                text22                             6D60     6D60       2E      460       0
                text21                             685E     685E       7A      460       0
                text20                             6394     6394       FC      460       0
                text19                             6DE8     6DE8       26      460       0
                text18                             6DBC     6DBC       2C      460       0
                text17                             6BBE     6BBE       46      460       0
                text16                             5F40     5F40      14A      460       0
                text15                             661E     661E       AA      460       0
                text14                             6296     6296       FE      460       0
                text13                             5594     5594      216      460       0
                text12                             69BC     69BC       66      460       0
                text11                             6B26     6B26       50      460       0
                text10                             6E8A     6E8A        2      460       0
                text9                              6490     6490       CA      460       0
                text8                              6C04     6C04       44      460       0
                text7                              67E4     67E4       7A      460       0
                text6                              6C48     6C48       40      460       0
                text5                              1306     1306      A26      460       0
                text4                              504A     504A      318      460       0
                text3                              6AD4     6AD4       52      460       0
                text2                              6A22     6A22       5A      460       0
                text1                              4CC6     4CC6      384      460       0
                text0                               8C0      8C0      A46      460       0
                cstackCOMRAM                          1        1       45        1       1
                cstackBANK0                          60       60       A0       60       1
                cstackBANK1                         18B      18B       6A      100       1
                cstackBANK3                         3D0      3D0       10      300       1
                bssBANK6                            600      600       80      600       1
                bssBANK5                            500      500       D0      500       1
                bssBANK4                            400      400      100      400       1
                bssBANK3                            300      300       D0      300       1
                bssBANK2                            200      200      100      200       1
                bssBANK1                            100      100       8B      100       1
                bssCOMRAM                            46       46        C        1       1
                cinit                              68D8     68D8       72      460       0

TOTAL           Name                               Link     Load   Length     Space
        CLASS   CODE           
                intcode                               8        8        6         0
                init                                  E        E        4         0
                reset_vec                             0        0        4         0
                text54                             6D30     6D30       30         0
                intcode_body                       6758     6758       8C         0
                text52                             655A     655A       C4         0
                text51                             3BB0     3BB0      4C0         0
                text50                             4500     4500      42A         0
                text49                             59B2     59B2      1FE         0
                text48                             6CC2     6CC2       3A         0
                text47                             6B76     6B76       48         0
                text46                             608A     608A      108         0
                text45                             5D8C     5D8C      1B4         0
                text44                             6CFC     6CFC       34         0
                text43                             4070     4070      490         0
                text42                             5362     5362      232         0
                text41                             3152     3152      59E         0
                text40                             492A     492A      39C         0
                text39                             1D2C     1D2C      74A         0
                text38                             2B94     2B94      5BE         0
                text37                             2476     2476      71E         0
                text36                             6C88     6C88       3A         0
                text35                             6D8E     6D8E       2E         0
                text34                             6A7C     6A7C       58         0
                text33                             6E4E     6E4E       18         0
                text32                             6E66     6E66       14         0
                text31                             6E30     6E30       1E         0
                text30                             57AA     57AA      208         0
                text29                             6E7A     6E7A       10         0
                text28                             66C8     66C8       90         0
                text27                             5BB0     5BB0      1DC         0
                text26                             6192     6192      104         0
                text25                             6E0E     6E0E       22         0
                text24                             36F0     36F0      4C0         0
                text23                             694A     694A       72         0
                text22                             6D60     6D60       2E         0
                text21                             685E     685E       7A         0
                text20                             6394     6394       FC         0
                text19                             6DE8     6DE8       26         0
                text18                             6DBC     6DBC       2C         0
                text17                             6BBE     6BBE       46         0
                text16                             5F40     5F40      14A         0
                text15                             661E     661E       AA         0
                text14                             6296     6296       FE         0
                text13                             5594     5594      216         0
                text12                             69BC     69BC       66         0
                text11                             6B26     6B26       50         0
                text10                             6E8A     6E8A        2         0
                text9                              6490     6490       CA         0
                text8                              6C04     6C04       44         0
                text7                              67E4     67E4       7A         0
                text6                              6C48     6C48       40         0
                text5                              1306     1306      A26         0
                text4                              504A     504A      318         0
                text3                              6AD4     6AD4       52         0
                text2                              6A22     6A22       5A         0
                text1                              4CC6     4CC6      384         0
                text0                               8C0      8C0      A46         0
                cinit                              68D8     68D8       72         0

        CLASS   CONST          

        CLASS   SMALLCONST     
                smallconst                          800      800       C0         0

        CLASS   MEDIUMCONST    

        CLASS   COMRAM         
                temp                                 52       52        1         1
                cstackCOMRAM                          1        1       45         1
                bssCOMRAM                            46       46        C         1

        CLASS   ABS1           

        CLASS   BIGRAM         

        CLASS   RAM            

        CLASS   BANK0          
                cstackBANK0                          60       60       A0         1

        CLASS   BANK1          
                cstackBANK1                         18B      18B       6A         1
                bssBANK1                            100      100       8B         1

        CLASS   BANK2          
                bssBANK2                            200      200      100         1

        CLASS   BANK3          
                cstackBANK3                         3D0      3D0       10         1
                bssBANK3                            300      300       D0         1

        CLASS   BANK4          
                bssBANK4                            400      400      100         1

        CLASS   BANK5          
                bssBANK5                            500      500       D0         1

        CLASS   BANK6          
                bssBANK6                            600      600       80         1

        CLASS   BANK7          

        CLASS   SFR            

        CLASS   BIGSFR         

        CLASS   CONFIG         
                config                           300000   300000        E         4

        CLASS   IDLOC          
                idloc                            200000   200000        8         5

        CLASS   EEDATA         

        CLASS   FARRAM         

        CLASS   HEAP           

        CLASS   STACK          



SEGMENTS        Name                           Load    Length   Top    Selector   Space  Class

                reset_vec                      000000  000004  000004         0       0  CODE    
                cstackCOMRAM                   000001  000052  000053         1       1  COMRAM  
                intcode                        000008  00000A  000012         4       0  CODE    
                cstackBANK0                    000060  0000A0  000100        60       1  BANK0   
                bssBANK1                       000100  0000F5  0001F5       100       1  BANK1   
                bssBANK2                       000200  000100  000300       200       1  BANK2   
                bssBANK3                       000300  0000E0  0003E0       300       1  BANK3   
                bssBANK4                       000400  000100  000500       400       1  BANK4   
                bssBANK5                       000500  0000D0  0005D0       500       1  BANK5   
                bssBANK6                       000600  000080  000680       600       1  BANK6   
                smallconst                     000800  0000C0  0008C0       400       0  SMALLCON
                text0                          0008C0  0065CC  006E8C       460       0  CODE    


UNUSED ADDRESS RANGES

        Name                Unused          Largest block    Delta
        BANK1            0001F5-0001FF                B
        BANK3            0003E0-0003FF               20
        BANK5            0005D0-0005FF               30
        BANK6            000680-0006FF               80
        BANK7            000700-0007FF              100
        BIGRAM           000053-00005F                D
                         0001F5-0001FF                B
                         0003E0-0003FF               20
                         0005D0-0005FF               30
                         000680-0007FF              180
        BIGSFR           000F60-000FFF               A0
        CODE             000004-000007                4
                         000012-0007FF              7EE
                         006E8C-007FFF             1174
        COMRAM           000053-00005F                D
        CONST            000004-000007                4
                         000012-0007FF              7EE
                         006E8C-007FFF             1174
        EEDATA           F00000-F000FF              100
        MEDIUMCONST      006E8C-007FFF             1174
        RAM              0001F5-0001FF                B
                         0003E0-0003FF               20
                         0005D0-0005FF               30
                         000680-0007FF               80
        SFR              000F60-000FFF               A0
        SMALLCONST       006E8C-007FFF              100

                                  Symbol Table

?___awdiv                cstackCOMRAM 00000D
?___cosdf                cstackBANK0  000060
?___fladd                cstackCOMRAM 000034
?___fldiv                cstackBANK0  000068
?___flmul                cstackCOMRAM 00001B
?___flneg                cstackBANK0  000081
?___flsub                cstackBANK0  000060
?___fltol                cstackBANK0  0000CD
?___fpclassifyf          cstackCOMRAM 00000D
?___rem_pio2f            cstackBANK0  0000D5
?___sindf                cstackBANK0  000085
?___wmul                 cstackCOMRAM 00000D
?___xxtofl               cstackCOMRAM 00000D
?_atoi                   cstackCOMRAM 000013
?_convAD                 cstackCOMRAM 000001
?_cosf                   cstackBANK1  00018B
?_fabsf                  cstackCOMRAM 00000D
?_floorf                 cstackBANK0  000081
?_isdigit                cstackCOMRAM 00000D
?_isspace                cstackCOMRAM 00000D
?_labs                   cstackCOMRAM 00000D
?_logf                   cstackBANK0  000081
?_nanf                   cstackCOMRAM 00000D
?_sinf                   cstackBANK1  00018B
?_sprintf                cstackBANK1  0001C3
?_sqrtf                  cstackBANK0  000060
?_vfprintf               cstackBANK1  0001BD
FFT@Im_X                 cstackBANK1  0001B5
FFT@L                    cstackBANK1  0001EF
FFT@M                    cstackBANK1  0001CF
FFT@N                    cstackBANK1  0001B1
FFT@Re_X                 cstackBANK1  0001B3
FFT@k                    cstackBANK1  0001E3
FFT@m                    cstackBANK1  0001ED
FFT@n                    cstackBANK1  0001F1
FFT@p                    cstackBANK1  0001DD
FFT@sI                   cstackBANK1  0001D9
FFT@sR                   cstackBANK1  0001D5
FFT@tempI                cstackBANK1  0001D1
FFT@tempR                cstackBANK1  0001E5
FFT@uI                   cstackBANK1  0001E9
FFT@uR                   cstackBANK1  0001DF
LCDGoto@ln               cstackCOMRAM 000012
LCDGoto@pos              cstackCOMRAM 000017
LCDPutChar@ch            cstackCOMRAM 000011
LCDPutCmd@ch             cstackCOMRAM 000011
LCDPutStr@i              cstackCOMRAM 000016
LCDPutStr@str            cstackCOMRAM 000012
LCDWriteNibble@ch        cstackCOMRAM 00000F
LCDWriteNibble@rs        cstackCOMRAM 00000D
SPI_MCP41@comando        cstackCOMRAM 00000F
SPI_MCP41@dado           cstackCOMRAM 00000E
SPI_transm@dado          cstackCOMRAM 00000D
_ADCON0                  (abs)        000FC2
_ADCON0bits              (abs)        000FC2
_ADCON1                  (abs)        000FC1
_ADCON2                  (abs)        000FC0
_ADRESH                  (abs)        000FC4
_ADRESL                  (abs)        000FC3
_D2                      bssBANK1     000100
_FFT                     text37       002476
_FFT$1791                cstackBANK1  0001B7
_FFT$1792                cstackBANK1  0001BB
_FFT$1793                cstackBANK1  0001BF
_FFT$1794                cstackBANK1  0001C3
_FFT$1795                cstackBANK1  0001C7
_FFT$1796                cstackBANK1  0001CB
_INTCON                  (abs)        000FF2
_INTCON2                 (abs)        000FF1
_INTCONbits              (abs)        000FF2
_Im_X                    bssBANK4     000480
_Im_X1                   bssBANK2     000200
_Im_Xm1                  bssBANK6     000600
_LCDGoto                 text23       00694A
_LCDGoto$659             cstackCOMRAM 000015
_LCDPutChar              text22       006D60
_LCDPutCmd               text35       006D8E
_LCDPutStr               text21       00685E
_LCDWriteNibble          text36       006C88
_LCD_Initialize          text34       006A7C
_OSCCON                  (abs)        000FD3
_PORTA                   (abs)        000F80
_PORTAbits               (abs)        000F80
_PORTB                   (abs)        000F81
_PORTBbits               (abs)        000F81
_PORTC                   (abs)        000F82
_RCON                    (abs)        000FD0
_Re_X                    bssBANK3     000350
_Re_X1                   bssBANK2     000280
_Re_Xm1                  bssBANK5     000500
_SPI_MCP41               text32       006E66
_SPI_config              text31       006E30
_SPI_transm              text33       006E4E
_SSPBUF                  (abs)        000FC9
_SSPCON1                 (abs)        000FC6
_SSPSTAT                 (abs)        000FC7
_SSPSTATbits             (abs)        000FC7
_T0CON                   (abs)        000FD5
_T0CONbits               (abs)        000FD5
_TMR0L                   (abs)        000FD6
_TRISA                   (abs)        000F92
_TRISA5                  (abs)        007C95
_TRISB                   (abs)        000F93
_TRISB0                  (abs)        007C98
_TRISB1                  (abs)        007C99
_TRISC7                  (abs)        007CA7
__HRAM                   (abs)        000000
__Habs1                  abs1         000000
__Hbank0                 bank0        000000
__Hbank1                 bank1        000000
__Hbank2                 bank2        000000
__Hbank3                 bank3        000000
__Hbank4                 bank4        000000
__Hbank5                 bank5        000000
__Hbank6                 bank6        000000
__Hbank7                 bank7        000000
__Hbigbss                bigbss       000000
__Hbigdata               bigdata      000000
__Hbigram                bigram       000000
__Hbigsfr                bigsfr       000000
__Hbss                   bss          000000
__HbssBANK1              bssBANK1     000000
__HbssBANK2              bssBANK2     000000
__HbssBANK3              bssBANK3     000000
__HbssBANK4              bssBANK4     000000
__HbssBANK5              bssBANK5     000000
__HbssBANK6              bssBANK6     000000
__HbssCOMRAM             bssCOMRAM    000000
__Hcinit                 cinit        000000
__Hclrtext               clrtext      000000
__Hcomram                comram       000000
__Hconfig                config       30000E
__Hconst                 const        000000
__HcstackBANK0           cstackBANK0  000000
__HcstackBANK1           cstackBANK1  000000
__HcstackBANK3           cstackBANK3  000000
__HcstackCOMRAM          cstackCOMRAM 000000
__Hdata                  data         000000
__Heeprom_data           eeprom_data  000000
__Hfarbss                farbss       000000
__Hfardata               fardata      000000
__Hheap                  heap         000000
__Hibigdata              ibigdata     000000
__Hidata                 idata        000000
__Hidloc                 idloc        200008
__Hifardata              ifardata     000000
__Hinit                  init         000012
__Hintcode               intcode      00000E
__Hintcode_body          intcode_body 000000
__Hintcodelo             intcodelo    00000E
__Hintentry              intentry     000000
__Hintret                intret       000000
__Hintsave_regs          intsave_regs 000000
__Hirdata                irdata       000000
__Hmediumconst           mediumconst  000000
__HnvFARRAM              nvFARRAM     000000
__Hnvbit                 nvbit        000000
__Hnvrram                nvrram       000000
__Hparam                 rparam       000000
__Hpowerup               powerup      00000E
__Hram                   ram          000000
__Hramtop                ramtop       000800
__Hrbit                  rbit         000000
__Hrbss                  rbss         000000
__Hrdata                 rdata        000000
__Hreset_vec             reset_vec    000004
__Hrparam                rparam       000000
__Hsfr                   sfr          000000
__Hsmallconst            smallconst   0008C0
__Hspace_0               (abs)        006E8C
__Hspace_1               (abs)        000680
__Hspace_2               (abs)        000000
__Hspace_4               (abs)        60000E
__Hstack                 stack        000000
__Hstruct                struct       000000
__Htemp                  temp         000053
__Htext                  text         000000
__Htext0                 text0        000000
__Htext1                 text1        000000
__Htext10                text10       000000
__Htext11                text11       000000
__Htext12                text12       000000
__Htext13                text13       000000
__Htext14                text14       000000
__Htext15                text15       000000
__Htext16                text16       000000
__Htext17                text17       000000
__Htext18                text18       000000
__Htext19                text19       000000
__Htext2                 text2        000000
__Htext20                text20       000000
__Htext21                text21       000000
__Htext22                text22       000000
__Htext23                text23       000000
__Htext24                text24       000000
__Htext25                text25       000000
__Htext26                text26       000000
__Htext27                text27       000000
__Htext28                text28       000000
__Htext29                text29       000000
__Htext3                 text3        000000
__Htext30                text30       000000
__Htext31                text31       000000
__Htext32                text32       000000
__Htext33                text33       000000
__Htext34                text34       000000
__Htext35                text35       000000
__Htext36                text36       000000
__Htext37                text37       000000
__Htext38                text38       000000
__Htext39                text39       000000
__Htext4                 text4        000000
__Htext40                text40       000000
__Htext41                text41       000000
__Htext42                text42       000000
__Htext43                text43       000000
__Htext44                text44       000000
__Htext45                text45       000000
__Htext46                text46       000000
__Htext47                text47       000000
__Htext48                text48       000000
__Htext49                text49       000000
__Htext5                 text5        000000
__Htext50                text50       000000
__Htext51                text51       000000
__Htext52                text52       000000
__Htext54                text54       000000
__Htext6                 text6        000000
__Htext7                 text7        000000
__Htext8                 text8        000000
__Htext9                 text9        000000
__LRAM                   (abs)        000001
__Labs1                  abs1         000000
__Lbank0                 bank0        000000
__Lbank1                 bank1        000000
__Lbank2                 bank2        000000
__Lbank3                 bank3        000000
__Lbank4                 bank4        000000
__Lbank5                 bank5        000000
__Lbank6                 bank6        000000
__Lbank7                 bank7        000000
__Lbigbss                bigbss       000000
__Lbigdata               bigdata      000000
__Lbigram                bigram       000000
__Lbigsfr                bigsfr       000000
__Lbss                   bss          000000
__LbssBANK1              bssBANK1     000000
__LbssBANK2              bssBANK2     000000
__LbssBANK3              bssBANK3     000000
__LbssBANK4              bssBANK4     000000
__LbssBANK5              bssBANK5     000000
__LbssBANK6              bssBANK6     000000
__LbssCOMRAM             bssCOMRAM    000000
__Lcinit                 cinit        000000
__Lclrtext               clrtext      000000
__Lcomram                comram       000000
__Lconfig                config       000000
__Lconst                 const        000000
__LcstackBANK0           cstackBANK0  000000
__LcstackBANK1           cstackBANK1  000000
__LcstackBANK3           cstackBANK3  000000
__LcstackCOMRAM          cstackCOMRAM 000000
__Ldata                  data         000000
__Leeprom_data           eeprom_data  000000
__Lfarbss                farbss       000000
__Lfardata               fardata      000000
__Lheap                  heap         000000
__Libigdata              ibigdata     000000
__Lidata                 idata        000000
__Lidloc                 idloc        000000
__Lifardata              ifardata     000000
__Linit                  init         00000E
__Lintcode               intcode      000008
__Lintcode_body          intcode_body 000000
__Lintcodelo             intcodelo    00000E
__Lintentry              intentry     000000
__Lintret                intret       000000
__Lintsave_regs          intsave_regs 000000
__Lirdata                irdata       000000
__Lmediumconst           mediumconst  000000
__LnvFARRAM              nvFARRAM     000000
__Lnvbit                 nvbit        000000
__Lnvrram                nvrram       000000
__Lparam                 rparam       000000
__Lpowerup               powerup      00000E
__Lram                   ram          000000
__Lramtop                ramtop       000800
__Lrbit                  rbit         000000
__Lrbss                  rbss         000000
__Lrdata                 rdata        000000
__Lreset_vec             reset_vec    000000
__Lrparam                rparam       000000
__Lsfr                   sfr          000000
__Lsmallconst            smallconst   000800
__Lspace_0               (abs)        000000
__Lspace_1               (abs)        000000
__Lspace_2               (abs)        000000
__Lspace_4               (abs)        000000
__Lstack                 stack        000000
__Lstruct                struct       000000
__Ltemp                  temp         000052
__Ltext                  text         000000
__Ltext0                 text0        000000
__Ltext1                 text1        000000
__Ltext10                text10       000000
__Ltext11                text11       000000
__Ltext12                text12       000000
__Ltext13                text13       000000
__Ltext14                text14       000000
__Ltext15                text15       000000
__Ltext16                text16       000000
__Ltext17                text17       000000
__Ltext18                text18       000000
__Ltext19                text19       000000
__Ltext2                 text2        000000
__Ltext20                text20       000000
__Ltext21                text21       000000
__Ltext22                text22       000000
__Ltext23                text23       000000
__Ltext24                text24       000000
__Ltext25                text25       000000
__Ltext26                text26       000000
__Ltext27                text27       000000
__Ltext28                text28       000000
__Ltext29                text29       000000
__Ltext3                 text3        000000
__Ltext30                text30       000000
__Ltext31                text31       000000
__Ltext32                text32       000000
__Ltext33                text33       000000
__Ltext34                text34       000000
__Ltext35                text35       000000
__Ltext36                text36       000000
__Ltext37                text37       000000
__Ltext38                text38       000000
__Ltext39                text39       000000
__Ltext4                 text4        000000
__Ltext40                text40       000000
__Ltext41                text41       000000
__Ltext42                text42       000000
__Ltext43                text43       000000
__Ltext44                text44       000000
__Ltext45                text45       000000
__Ltext46                text46       000000
__Ltext47                text47       000000
__Ltext48                text48       000000
__Ltext49                text49       000000
__Ltext5                 text5        000000
__Ltext50                text50       000000
__Ltext51                text51       000000
__Ltext52                text52       000000
__Ltext54                text54       000000
__Ltext6                 text6        000000
__Ltext7                 text7        000000
__Ltext8                 text8        000000
__Ltext9                 text9        000000
__S0                     (abs)        006E8C
__S1                     (abs)        000680
__S4                     (abs)        000000
__S5                     (abs)        000000
___awdiv                 text52       00655A
___awdiv@counter         cstackCOMRAM 000011
___awdiv@dividend        cstackCOMRAM 00000D
___awdiv@divisor         cstackCOMRAM 00000F
___awdiv@quotient        cstackCOMRAM 000013
___awdiv@sign            cstackCOMRAM 000012
___cosdf                 text49       0059B2
___cosdf$1798            cstackBANK0  000068
___cosdf$1799            cstackBANK0  00006C
___cosdf$1800            cstackBANK0  000070
___cosdf@r               cstackBANK0  000064
___cosdf@w               cstackBANK0  000074
___cosdf@x               cstackBANK0  000060
___cosdf@z               cstackBANK0  000078
___fladd                 text51       003BB0
___fladd@a               cstackCOMRAM 000038
___fladd@aexp            cstackCOMRAM 000041
___fladd@b               cstackCOMRAM 000034
___fladd@bexp            cstackCOMRAM 000042
___fladd@grs             cstackCOMRAM 000043
___fladd@signs           cstackCOMRAM 000040
___fldiv                 text40       00492A
___fldiv@a               cstackBANK0  00006C
___fldiv@aexp            cstackBANK0  000080
___fldiv@b               cstackBANK0  000068
___fldiv@bexp            cstackBANK0  00007F
___fldiv@grs             cstackBANK0  00007B
___fldiv@new_exp         cstackBANK0  000079
___fldiv@rem             cstackBANK0  000074
___fldiv@sign            cstackBANK0  000078
___fleq                  text15       00661E
___fleq@ff1              cstackCOMRAM 00000D
___fleq@ff2              cstackCOMRAM 000011
___flge                  text26       006192
___flge@ff1              cstackCOMRAM 000034
___flge@ff2              cstackCOMRAM 000038
___flmul                 text50       004500
___flmul@a               cstackCOMRAM 00001F
___flmul@aexp            cstackCOMRAM 000028
___flmul@b               cstackCOMRAM 00001B
___flmul@bexp            cstackCOMRAM 00002D
___flmul@grs             cstackCOMRAM 000029
___flmul@prod            cstackCOMRAM 00002E
___flmul@sign            cstackCOMRAM 000027
___flmul@temp            cstackCOMRAM 000032
___flneg                 text48       006CC2
___flneg@f1              cstackBANK0  000081
___flsub                 text47       006B76
___flsub@a               cstackBANK0  000064
___flsub@b               cstackBANK0  000060
___fltol                 text46       00608A
___fltol@exp1            cstackCOMRAM 000045
___fltol@f1              cstackBANK0  0000CD
___fltol@sign1           cstackCOMRAM 000044
___fpclassifyf           text14       006296
___fpclassifyf@F465      bssBANK1     000154
___fpclassifyf@e         cstackCOMRAM 000015
___fpclassifyf@u         cstackCOMRAM 000017
___fpclassifyf@x         cstackCOMRAM 00000D
___heap_hi               (abs)        000000
___heap_lo               (abs)        000000
___inthi_sp              stack        000000
___intlo_sp              stack        000000
___param_bank            (abs)        000000
___rem_pio2f             text43       004070
___rem_pio2f$1801        cstackBANK0  0000ED
___rem_pio2f@F532        bssCOMRAM    000046
___rem_pio2f@fn          cstackBANK0  0000F1
___rem_pio2f@ix          cstackBANK0  0000E3
___rem_pio2f@n           cstackBANK0  0000F9
___rem_pio2f@sign        cstackBANK0  0000E7
___rem_pio2f@t           cstackBANK0  0000F5
___rem_pio2f@ty          cstackBANK0  0000DF
___rem_pio2f@u           cstackBANK0  0000E9
___rem_pio2f@x           cstackBANK0  0000D5
___rem_pio2f@y           cstackBANK0  0000D9
___rparam_used           (abs)        000001
___sindf                 text42       005362
___sindf$1802            cstackBANK0  000091
___sindf$1803            cstackBANK0  000095
___sindf$1804            cstackBANK0  000099
___sindf@r               cstackBANK0  000089
___sindf@s               cstackBANK0  00009D
___sindf@w               cstackBANK0  00008D
___sindf@x               cstackBANK0  000085
___sindf@z               cstackBANK0  0000A1
___sp                    stack        000000
___wmul                  text19       006DE8
___wmul@multiplicand     cstackCOMRAM 00000F
___wmul@multiplier       cstackCOMRAM 00000D
___wmul@product          cstackCOMRAM 000011
___xxtofl                text45       005D8C
___xxtofl@arg            cstackCOMRAM 000017
___xxtofl@exp            cstackCOMRAM 000016
___xxtofl@sign           cstackCOMRAM 000015
___xxtofl@val            cstackCOMRAM 00000D
__accesstop              (abs)        000060
__activetblptr           (abs)        000002
__end_of_C0              smallconst   000861
__end_of_C1              smallconst   00085D
__end_of_C2              smallconst   000859
__end_of_C3              smallconst   000855
__end_of_FFT             text37       002B94
__end_of_LCDGoto         text23       0069BC
__end_of_LCDPutChar      text22       006D8E
__end_of_LCDPutCmd       text35       006DBC
__end_of_LCDPutStr       text21       0068D8
__end_of_LCDWriteNibble  text36       006CC2
__end_of_LCD_Initialize  text34       006AD4
__end_of_Lg1             smallconst   000825
__end_of_Lg2             smallconst   000821
__end_of_Lg3             smallconst   00081D
__end_of_Lg4             smallconst   000819
__end_of_S1              smallconst   00083D
__end_of_S2              smallconst   000839
__end_of_S3              smallconst   000835
__end_of_S4              smallconst   000831
__end_of_SPI_MCP41       text32       006E7A
__end_of_SPI_config      text31       006E4E
__end_of_SPI_transm      text33       006E66
__end_of___awdiv         text52       00661E
__end_of___cosdf         text49       005BB0
__end_of___fladd         text51       004070
__end_of___fldiv         text40       004CC6
__end_of___fleq          text15       0066C8
__end_of___flge          text26       006296
__end_of___flmul         text50       00492A
__end_of___flneg         text48       006CFC
__end_of___flsub         text47       006BBE
__end_of___fltol         text46       006192
__end_of___fpclassifyf   text14       006394
__end_of___rem_pio2f     text43       004500
__end_of___sindf         text42       005594
__end_of___wmul          text19       006E0E
__end_of___xxtofl        text45       005F40
__end_of__initialization cinit        00693C
__end_of_atoi            text16       00608A
__end_of_bitrevsort      text30       0059B2
__end_of_c1pio2          smallconst   000871
__end_of_c2pio2          smallconst   00086D
__end_of_c3pio2          smallconst   000869
__end_of_c4pio2          smallconst   000865
__end_of_configADCON     text29       006E8A
__end_of_configSampling  text28       006758
__end_of_convAD          text54       006D60
__end_of_cosf            text41       0036F0
__end_of_efgtoa          text5        001D2C
__end_of_fabsf           text44       006D30
__end_of_floorf          text13       0057AA
__end_of_fputc           text9        00655A
__end_of_fputs           text8        006C48
__end_of_half            smallconst   00084D
__end_of_invpio2         smallconst   000849
__end_of_isdigit         text18       006DE8
__end_of_isspace         text17       006C04
__end_of_labs            text12       006A22
__end_of_ln2_hi          smallconst   00082D
__end_of_ln2_lo          smallconst   000829
__end_of_logf            text39       002476
__end_of_main            text0        001306
__end_of_memcpy          text11       006B76
__end_of_nanf            text25       006E30
__end_of_normalize       text27       005D8C
__end_of_pad             text7        00685E
__end_of_pio2_1          smallconst   000845
__end_of_pio2_1t         smallconst   000841
__end_of_putch           text10       006E8C
__end_of_regInit         text20       006490
__end_of_s1pio2          smallconst   000815
__end_of_s2pio2          smallconst   000811
__end_of_s3pio2          smallconst   00080D
__end_of_s4pio2          smallconst   000809
__end_of_samples         intcode_body 0067E4
__end_of_sinf            text38       003152
__end_of_sprintf         text2        006A7C
__end_of_sqrtf           text24       003BB0
__end_of_strcpy          text6        006C88
__end_of_tiny            smallconst   000805
__end_of_toint           smallconst   000851
__end_of_verifRes        text1        00504A
__end_of_vfpfcnvrt       text4        005362
__end_of_vfprintf        text3        006B26
__initialization         cinit        0068D8
__mediumconst            mediumconst  000000
__pbssBANK1              bssBANK1     000100
__pbssBANK2              bssBANK2     000200
__pbssBANK3              bssBANK3     000300
__pbssBANK4              bssBANK4     000400
__pbssBANK5              bssBANK5     000500
__pbssBANK6              bssBANK6     000600
__pbssCOMRAM             bssCOMRAM    000046
__pcinit                 cinit        0068D8
__pcstackBANK0           cstackBANK0  000060
__pcstackBANK1           cstackBANK1  00018B
__pcstackBANK3           cstackBANK3  0003D0
__pcstackCOMRAM          cstackCOMRAM 000001
__pintcode               intcode      000008
__pintcode_body          intcode_body 006758
__psmallconst            smallconst   000800
__ptext0                 text0        0008C0
__ptext1                 text1        004CC6
__ptext10                text10       006E8A
__ptext11                text11       006B26
__ptext12                text12       0069BC
__ptext13                text13       005594
__ptext14                text14       006296
__ptext15                text15       00661E
__ptext16                text16       005F40
__ptext17                text17       006BBE
__ptext18                text18       006DBC
__ptext19                text19       006DE8
__ptext2                 text2        006A22
__ptext20                text20       006394
__ptext21                text21       00685E
__ptext22                text22       006D60
__ptext23                text23       00694A
__ptext24                text24       0036F0
__ptext25                text25       006E0E
__ptext26                text26       006192
__ptext27                text27       005BB0
__ptext28                text28       0066C8
__ptext29                text29       006E7A
__ptext3                 text3        006AD4
__ptext30                text30       0057AA
__ptext31                text31       006E30
__ptext32                text32       006E66
__ptext33                text33       006E4E
__ptext34                text34       006A7C
__ptext35                text35       006D8E
__ptext36                text36       006C88
__ptext37                text37       002476
__ptext38                text38       002B94
__ptext39                text39       001D2C
__ptext4                 text4        00504A
__ptext40                text40       00492A
__ptext41                text41       003152
__ptext42                text42       005362
__ptext43                text43       004070
__ptext44                text44       006CFC
__ptext45                text45       005D8C
__ptext46                text46       00608A
__ptext47                text47       006B76
__ptext48                text48       006CC2
__ptext49                text49       0059B2
__ptext5                 text5        001306
__ptext50                text50       004500
__ptext51                text51       003BB0
__ptext52                text52       00655A
__ptext54                text54       006D30
__ptext6                 text6        006C48
__ptext7                 text7        0067E4
__ptext8                 text8        006C04
__ptext9                 text9        006490
__ramtop                 ramtop       000800
__smallconst             smallconst   000800
_a                       bssBANK4     000440
_atoi                    text16       005F40
_aux_D2                  bssBANK1     000168
_aux_Voff                bssBANK1     00016C
_b                       bssBANK4     000400
_bitrevsort              text30       0057AA
_canal                   bssCOMRAM    000050
_configADCON             text29       006E7A
_configSampling          text28       0066C8
_convAD                  text54       006D30
_cosf                    text41       003152
_cosf$1173               cstackBANK1  00019B
_cosf$1174               cstackBANK1  00019F
_cosf$1797               cstackBANK1  0001A3
_dbuf                    bssBANK5     000580
_e                       bssBANK1     000170
_efgtoa                  text5        001306
_efgtoa$1402             cstackBANK1  000191
_errno                   bssCOMRAM    00004E
_fabsf                   text44       006CFC
_flags                   bssBANK1     000174
_floorf                  text13       005594
_fputc                   text9        006490
_fputs                   text8        006C04
_info                    bssBANK1     000181
_info2                   bssBANK1     000177
_isdigit                 text18       006DBC
_isspace                 text17       006BBE
_isspace$1480            cstackCOMRAM 000011
_k                       bssCOMRAM    000051
_labs                    text12       0069BC
_logf                    text39       001D2C
_logf$1805               cstackBANK0  0000BD
_logf$1806               cstackBANK0  000097
_logf$1807               cstackBANK0  00009B
_logf$1808               cstackBANK0  00009F
_logf$1809               cstackBANK0  0000A3
_main                    text0        0008C0
_main$1788               cstackBANK3  0003DC
_main$1789               cstackBANK3  0003D4
_main$1790               cstackBANK3  0003D8
_max1                    bssBANK1     000164
_max2                    bssBANK1     000160
_memcpy                  text11       006B26
_nanf                    text25       006E0E
_normalize               text27       005BB0
_pad                     text7        0067E4
_passo                   bssBANK1     000176
_pot_value               bssBANK1     000175
_prec                    bssCOMRAM    00004C
_putch                   text10       006E8A
_regInit                 text20       006394
_samples                 intcode      000008
_sinf                    text38       002B94
_sinf$1556               cstackBANK1  00019B
_sinf$1557               cstackBANK1  00019F
_sinf$1810               cstackBANK1  0001A5
_sprintf                 text2        006A22
_sqrtf                   text24       0036F0
_strcpy                  text6        006C48
_v                       bssBANK1     000172
_verifRes                text1        004CC6
_vfpfcnvrt               text4        00504A
_vfprintf                text3        006AD4
_voltage                 bssBANK3     000300
_width                   bssCOMRAM    00004A
atoi@n                   cstackCOMRAM 00001A
atoi@neg                 cstackCOMRAM 000018
atoi@s                   cstackCOMRAM 000013
bitrevsort@Im_x          cstackCOMRAM 000019
bitrevsort@N             cstackCOMRAM 000015
bitrevsort@Re_x          cstackCOMRAM 000017
bitrevsort@k             cstackCOMRAM 000026
bitrevsort@m             cstackCOMRAM 00002A
bitrevsort@n             cstackCOMRAM 000028
bitrevsort@tempI         cstackCOMRAM 000022
bitrevsort@tempR         cstackCOMRAM 00001E
btemp                    temp         000052
configADCON@adcon0       cstackCOMRAM 00000F
configADCON@adcon1       cstackCOMRAM 00000D
configADCON@adcon2       cstackCOMRAM 00000E
convAD@result            cstackCOMRAM 000005
cosf@__xc8_float_word    cstackBANK1  000197
cosf@ix                  cstackBANK1  0001AD
cosf@n                   cstackBANK1  000193
cosf@sign                cstackBANK1  0001A7
cosf@x                   cstackBANK1  00018B
cosf@y                   cstackBANK1  0001A9
efgtoa@c                 cstackBANK0  0000DB
efgtoa@d                 cstackBANK1  000196
efgtoa@e                 cstackBANK1  00019A
efgtoa@f                 cstackBANK0  0000D7
efgtoa@fp                cstackBANK0  0000D5
efgtoa@g                 cstackBANK1  0001AD
efgtoa@h                 cstackBANK1  0001A4
efgtoa@i                 cstackBANK1  0001A2
efgtoa@l                 cstackBANK1  0001A8
efgtoa@m                 cstackBANK1  000198
efgtoa@mode              cstackBANK1  000194
efgtoa@n                 cstackBANK1  0001B1
efgtoa@ne                cstackBANK1  00018B
efgtoa@nmode             cstackBANK1  000195
efgtoa@ou                cstackBANK1  00019E
efgtoa@p                 cstackBANK1  00018D
efgtoa@pp                cstackBANK1  000193
efgtoa@sign              cstackBANK1  0001AC
efgtoa@t                 cstackBANK1  00018F
efgtoa@u                 cstackBANK1  0001B3
efgtoa@w                 cstackBANK1  00019C
end_of_initialization    cinit        00693C
fabsf@F465               bssBANK1     00015C
fabsf@u                  cstackCOMRAM 000011
fabsf@x                  cstackCOMRAM 00000D
floorf@F526              bssBANK1     000150
floorf@e                 cstackBANK0  00008F
floorf@m                 cstackBANK0  00008B
floorf@u                 cstackBANK0  000091
floorf@x                 cstackBANK0  000081
fputc@c                  cstackCOMRAM 00000D
fputc@fp                 cstackCOMRAM 00000F
fputs@c                  cstackCOMRAM 00001A
fputs@fp                 cstackCOMRAM 000018
fputs@i                  cstackCOMRAM 00001B
fputs@s                  cstackCOMRAM 000016
int$flags                temp         000052
int_func                 intcode_body 006758
intlevel0                text         000000
intlevel1                text         000000
intlevel2                text         000000
intlevel3                text         000000
isa$std                  (abs)        000001
isa$xinst                (abs)        000000
isdigit@c                cstackCOMRAM 00000D
isspace@c                cstackCOMRAM 00000D
labs@a                   cstackCOMRAM 00000D
logf@F472                bssBANK1     000158
logf@R                   cstackBANK0  00008B
logf@dk                  cstackBANK0  0000AD
logf@f                   cstackBANK0  0000C5
logf@hfsq                cstackBANK0  0000A9
logf@ix                  cstackBANK0  0000C9
logf@k                   cstackBANK0  0000A7
logf@s                   cstackBANK0  0000B1
logf@t1                  cstackBANK0  00008F
logf@t2                  cstackBANK0  000093
logf@u                   cstackBANK0  0000C1
logf@w                   cstackBANK0  0000B9
logf@x                   cstackBANK0  000081
logf@z                   cstackBANK0  0000B5
main@aux                 cstackBANK3  0003D0
memcpy@d                 cstackCOMRAM 000014
memcpy@d1                cstackCOMRAM 00000D
memcpy@n                 cstackCOMRAM 000011
memcpy@s                 cstackCOMRAM 000016
memcpy@s1                cstackCOMRAM 00000F
memcpy@tmp               cstackCOMRAM 000013
nanf@s                   cstackCOMRAM 00000D
nanf@u                   cstackCOMRAM 000011
normalize@N              cstackBANK0  0000D5
normalize@X              cstackBANK0  0000D7
normalize@k              cstackBANK0  0000DF
normalize@media          cstackBANK0  0000DD
pad@buf                  cstackCOMRAM 00001F
pad@fp                   cstackCOMRAM 00001D
pad@i                    cstackCOMRAM 000024
pad@p                    cstackCOMRAM 000021
pad@w                    cstackCOMRAM 000026
regInit@j                cstackCOMRAM 00000F
samples@sample           cstackCOMRAM 00000B
sinf@__xc8_float_word    cstackBANK1  000197
sinf@ix                  cstackBANK1  0001AD
sinf@n                   cstackBANK1  000193
sinf@sign                cstackBANK1  0001A3
sinf@x                   cstackBANK1  00018B
sinf@y                   cstackBANK1  0001A9
sprintf@ap               cstackBANK0  0000EE
sprintf@f                cstackBANK0  0000F0
sprintf@fmt              cstackBANK1  0001C5
sprintf@s                cstackBANK1  0001C3
sqrtf@__xc8_float_word   cstackBANK0  000071
sqrtf@i                  cstackBANK0  00006D
sqrtf@ix                 cstackBANK0  000089
sqrtf@m                  cstackBANK0  000081
sqrtf@q                  cstackBANK0  000075
sqrtf@r                  cstackBANK0  000085
sqrtf@s                  cstackBANK0  000069
sqrtf@t                  cstackBANK0  000079
sqrtf@x                  cstackBANK0  000060
sqrtf@z                  cstackBANK0  00007D
stackhi                  (abs)        000000
stacklo                  (abs)        000000
start                    init         00000E
start_initialization     cinit        0068D8
strcpy@d                 cstackCOMRAM 000013
strcpy@dest              cstackCOMRAM 00000D
strcpy@s                 cstackCOMRAM 000011
strcpy@src               cstackCOMRAM 00000F
ttemp5                   temp         000053
ttemp6                   temp         000056
ttemp7                   temp         00005A
verifRes@i               cstackBANK0  0000FD
vfpfcnvrt@ap             cstackBANK1  0001BB
vfpfcnvrt@c              cstackBANK0  0000E9
vfpfcnvrt@convarg        cstackBANK0  0000E1
vfpfcnvrt@cp             cstackBANK0  0000EA
vfpfcnvrt@fmt            cstackBANK1  0001B9
vfpfcnvrt@fp             cstackBANK1  0001B7
vfprintf@ap              cstackBANK1  0001C1
vfprintf@cfmt            cstackBANK0  0000EC
vfprintf@fmt             cstackBANK1  0001BF
vfprintf@fp              cstackBANK1  0001BD
wtemp8                   temp         000053


MODULE INFORMATION

Module		Function		Class		Link	Load	Size
C:\Program Files\Microchip\xc8\v2.40\pic\sources\c99\common\sprcmul.c
		___flmul       		CODE           	4500	0000	1066

C:\Program Files\Microchip\xc8\v2.40\pic\sources\c99\common\sprcmul.c estimated size: 1066

C:\Program Files\Microchip\xc8\v2.40\pic\sources\c99\common\nf_fputc.c
		_fputc         		CODE           	6490	0000	202

C:\Program Files\Microchip\xc8\v2.40\pic\sources\c99\common\nf_fputc.c estimated size: 202

C:\Program Files\Microchip\xc8\v2.40\pic\sources\c99\common\sprcdiv.c
		___fldiv       		CODE           	492A	0000	924

C:\Program Files\Microchip\xc8\v2.40\pic\sources\c99\common\sprcdiv.c estimated size: 924

C:\Program Files\Microchip\xc8\v2.40\pic\sources\c99\common\__sindf.c
		___sindf       		CODE           	5362	0000	562

C:\Program Files\Microchip\xc8\v2.40\pic\sources\c99\common\__sindf.c estimated size: 562

C:\Program Files\Microchip\xc8\v2.40\pic\sources\c99\common\nf_sprintf.c
		_sprintf       		CODE           	6A22	0000	90

C:\Program Files\Microchip\xc8\v2.40\pic\sources\c99\common\nf_sprintf.c estimated size: 90

C:\Program Files\Microchip\xc8\v2.40\pic\sources\c99\common\sqrtf.c
		_sqrtf         		CODE           	36F0	0000	1216

C:\Program Files\Microchip\xc8\v2.40\pic\sources\c99\common\sqrtf.c estimated size: 1216

C:\Program Files\Microchip\xc8\v2.40\pic\sources\c99\common\memcpy.c
		_memcpy        		CODE           	6B26	0000	80

C:\Program Files\Microchip\xc8\v2.40\pic\sources\c99\common\memcpy.c estimated size: 80

C:\Program Files\Microchip\xc8\v2.40\pic\sources\c99\common\awdiv.c
		___awdiv       		CODE           	655A	0000	196

C:\Program Files\Microchip\xc8\v2.40\pic\sources\c99\common\awdiv.c estimated size: 196

C:\Program Files\Microchip\xc8\v2.40\pic\sources\c99\common\fltol.c
		___fltol       		CODE           	608A	0000	264

C:\Program Files\Microchip\xc8\v2.40\pic\sources\c99\common\fltol.c estimated size: 264

C:\Program Files\Microchip\xc8\v2.40\pic\sources\c99\common\isspace.c
		_isspace       		CODE           	6BBE	0000	70

C:\Program Files\Microchip\xc8\v2.40\pic\sources\c99\common\isspace.c estimated size: 70

C:\Program Files\Microchip\xc8\v2.40\pic\sources\c99\common\atoi.c
		_atoi          		CODE           	5F40	0000	330

C:\Program Files\Microchip\xc8\v2.40\pic\sources\c99\common\atoi.c estimated size: 330

C:\Program Files\Microchip\xc8\v2.40\pic\sources\c99\common\Umul16.c
		___wmul        		CODE           	6DE8	0000	38

C:\Program Files\Microchip\xc8\v2.40\pic\sources\c99\common\Umul16.c estimated size: 38

C:\Program Files\Microchip\xc8\v2.40\pic\sources\c99\common\fleq.c
		___fleq        		CODE           	661E	0000	170

C:\Program Files\Microchip\xc8\v2.40\pic\sources\c99\common\fleq.c estimated size: 170

C:\Program Files\Microchip\xc8\v2.40\pic\sources\c99\common\__fpclassifyf.c
		___fpclassifyf 		CODE           	6296	0000	254

C:\Program Files\Microchip\xc8\v2.40\pic\sources\c99\common\__fpclassifyf.c estimated size: 254

C:\Program Files\Microchip\xc8\v2.40\pic\sources\c99\common\isdigit.c
		_isdigit       		CODE           	6DBC	0000	44

C:\Program Files\Microchip\xc8\v2.40\pic\sources\c99\common\isdigit.c estimated size: 44

C:\Program Files\Microchip\xc8\v2.40\pic\sources\c99\common\sprcadd.c
		___flsub       		CODE           	6B76	0000	72
		___fladd       		CODE           	3BB0	0000	1216

C:\Program Files\Microchip\xc8\v2.40\pic\sources\c99\common\sprcadd.c estimated size: 1288

C:\Program Files\Microchip\xc8\v2.40\pic\sources\c99\common\floorf.c
		_floorf        		CODE           	5594	0000	534

C:\Program Files\Microchip\xc8\v2.40\pic\sources\c99\common\floorf.c estimated size: 534

C:\Program Files\Microchip\xc8\v2.40\pic\sources\c99\common\__rem_pio2f.c
		___rem_pio2f   		CODE           	4070	0000	1168

C:\Program Files\Microchip\xc8\v2.40\pic\sources\c99\common\__rem_pio2f.c estimated size: 1168

C:\Program Files\Microchip\xc8\v2.40\pic\sources\c99\common\flneg.c
		___flneg       		CODE           	6CC2	0000	58

C:\Program Files\Microchip\xc8\v2.40\pic\sources\c99\common\flneg.c estimated size: 58

C:\Program Files\Microchip\xc8\v2.40\pic\sources\c99\common\fabsf.c
		_fabsf         		CODE           	6CFC	0000	52

C:\Program Files\Microchip\xc8\v2.40\pic\sources\c99\common\fabsf.c estimated size: 52

C:\Program Files\Microchip\xc8\v2.40\pic\sources\c99\common\sinf.c
		_sinf          		CODE           	2B94	0000	1470

C:\Program Files\Microchip\xc8\v2.40\pic\sources\c99\common\sinf.c estimated size: 1470

C:\Program Files\Microchip\xc8\v2.40\pic\sources\c99\common\labs.c
		_labs          		CODE           	69BC	0000	102

C:\Program Files\Microchip\xc8\v2.40\pic\sources\c99\common\labs.c estimated size: 102

C:\Program Files\Microchip\xc8\v2.40\pic\sources\c99\common\xxtofl.c
		___xxtofl      		CODE           	5D8C	0000	436

C:\Program Files\Microchip\xc8\v2.40\pic\sources\c99\common\xxtofl.c estimated size: 436

C:\Program Files\Microchip\xc8\v2.40\pic\sources\c99\common\nf_fputs.c
		_fputs         		CODE           	6C04	0000	68

C:\Program Files\Microchip\xc8\v2.40\pic\sources\c99\common\nf_fputs.c estimated size: 68

C:\Program Files\Microchip\xc8\v2.40\pic\sources\c99\common\cosf.c
		_cosf          		CODE           	3152	0000	1438

C:\Program Files\Microchip\xc8\v2.40\pic\sources\c99\common\cosf.c estimated size: 1438

shared
		_S1            		SMALLCONST     	0000	0000	0
		_S2            		SMALLCONST     	0000	0000	0
		_S3            		SMALLCONST     	0000	0000	0
		_S4            		SMALLCONST     	0000	0000	0
		_Lg1           		SMALLCONST     	0000	0000	0
		_Lg2           		SMALLCONST     	0000	0000	0
		_Lg3           		SMALLCONST     	0000	0000	0
		_c1pio2        		SMALLCONST     	0000	0000	0
		_Lg4           		SMALLCONST     	0000	0000	0
		_c2pio2        		SMALLCONST     	0000	0000	0
		_c3pio2        		SMALLCONST     	0000	0000	0
		_c4pio2        		SMALLCONST     	0000	0000	0
		_s1pio2        		SMALLCONST     	0000	0000	0
		__initialization		CODE           	68D8	0000	100
		_s2pio2        		SMALLCONST     	0000	0000	0
		_s3pio2        		SMALLCONST     	0000	0000	0
		_s4pio2        		SMALLCONST     	0000	0000	0
		_pio2_1t       		SMALLCONST     	0000	0000	0
		_toint         		SMALLCONST     	0000	0000	0
		_ln2_lo        		SMALLCONST     	0000	0000	0
		_half          		SMALLCONST     	0000	0000	0
		_tiny          		SMALLCONST     	0000	0000	0
		_pio2_1        		SMALLCONST     	0000	0000	0
		_C0            		SMALLCONST     	0000	0000	0
		_C1            		SMALLCONST     	0000	0000	0
		_C2            		SMALLCONST     	0000	0000	0
		_C3            		SMALLCONST     	0000	0000	0
		_invpio2       		SMALLCONST     	0000	0000	0
		_ln2_hi        		SMALLCONST     	0000	0000	0

shared estimated size: 100

C:\Program Files\Microchip\xc8\v2.40\pic\sources\c99\common\strcpy.c
		_strcpy        		CODE           	6C48	0000	64

C:\Program Files\Microchip\xc8\v2.40\pic\sources\c99\common\strcpy.c estimated size: 64

C:\Program Files\Microchip\xc8\v2.40\pic\sources\c99\common\flge.c
		___flge        		CODE           	6192	0000	260

C:\Program Files\Microchip\xc8\v2.40\pic\sources\c99\common\flge.c estimated size: 260

C:\Program Files\Microchip\xc8\v2.40\pic\sources\c99\common\putch.c
		_putch         		CODE           	6E8A	0000	2

C:\Program Files\Microchip\xc8\v2.40\pic\sources\c99\common\putch.c estimated size: 2

C:\Program Files\Microchip\xc8\v2.40\pic\sources\c99\common\doprnt.c
		_vfpfcnvrt     		CODE           	504A	0000	792
		_efgtoa        		CODE           	1306	0000	2598
		_pad           		CODE           	67E4	0000	122
		_vfprintf      		CODE           	6AD4	0000	82

C:\Program Files\Microchip\xc8\v2.40\pic\sources\c99\common\doprnt.c estimated size: 3594

main.c
		_regInit       		CODE           	6394	0000	252
		_samples       		CODE           	0008	0000	146
		_configADCON   		CODE           	6E7A	0000	16
		_LCDPutCmd     		CODE           	6D8E	0000	46
		_LCDPutStr     		CODE           	685E	0000	122
		_LCDPutChar    		CODE           	6D60	0000	46
		_bitrevsort    		CODE           	57AA	0000	520
		_main          		CODE           	08C0	0000	2630
		_SPI_MCP41     		CODE           	6E66	0000	20
		_LCD_Initialize		CODE           	6A7C	0000	88
		_LCDWriteNibble		CODE           	6C88	0000	58
		_verifRes      		CODE           	4CC6	0000	900
		_LCDGoto       		CODE           	694A	0000	114
		_SPI_config    		CODE           	6E30	0000	30
		_configSampling		CODE           	66C8	0000	144
		_SPI_transm    		CODE           	6E4E	0000	24
		_FFT           		CODE           	2476	0000	1822
		_convAD        		CODE           	6D30	0000	48
		_normalize     		CODE           	5BB0	0000	476

main.c estimated size: 7502

C:\Program Files\Microchip\xc8\v2.40\pic\sources\c99\common\__cosdf.c
		___cosdf       		CODE           	59B2	0000	510

C:\Program Files\Microchip\xc8\v2.40\pic\sources\c99\common\__cosdf.c estimated size: 510

C:\Program Files\Microchip\xc8\v2.40\pic\sources\c99\common\logf.c
		_logf          		CODE           	1D2C	0000	1866

C:\Program Files\Microchip\xc8\v2.40\pic\sources\c99\common\logf.c estimated size: 1866

C:\Program Files\Microchip\xc8\v2.40\pic\sources\c99\common\nanf.c
		_nanf          		CODE           	6E0E	0000	34

C:\Program Files\Microchip\xc8\v2.40\pic\sources\c99\common\nanf.c estimated size: 34

